[youtube-mp3-music.com/tr2.html]
[backblue.gif]
[fade.gif]
[index.html]
[youtube-mp3-music.com/fr2.html]
[youtube-mp3-music.com/de2.html]
[youtube-mp3-music.com/pt2.html]
[youtube-mp3-music.com/es2.html]
[youtube-mp3-music.com/it2.html]
[youtube-mp3-music.com/jp2.html]
[youtube-mp3-music.com/pl2.html]
[youtube-mp3-music.com/nl2.html]
[youtube-mp3-music.com/_nuxt/85afac5573350a886a13de38ef933be3.svg]
[easymp3mix.com/js/re-ads-zone.js]
[youtube-mp3-music.com/tr2/youtube-video-indir-mp4.html]
[youtube-mp3-music.com/tr2/youtube-mp3-2.html]
[youtube-mp3-music.com/tr2/mp3-donusturucu.html]
[youtube-mp3-music.com/tr2/youtube-converter-mp4.html]
[youtube-mp3-music.com/tr2/youtube-mp3-evir.html]
[youtube-mp3-music.com/tr2/mp3-doenuetueruecue-youtube-tubidy.html]
[youtube-mp3-music.com/tr2/list.html]
[youtube-mp3-music.com/tr2/dmca.html]
[youtube-mp3-music.com/tr2/youtube-mp4-donusturucu.html]
[youtube-mp3-music.com/tr2/youtube-video-converter-mp3.html]
[youtube-mp3-music.com/tr2/youtube-mp3-converter.html]
[easymp3mix.com/js/multiPageCore.js]
[mc.yandex.ru/metrika/tag.js]
[easymp3mix.com/js/multiPageExample.js]
[youtube-mp3-music.com/tr2.html]
[easymp3mix.com/js/re-ads-glob.js]
[youtube-mp3-music.com/fr2/youtube-video-indir-mp4.html]
[youtube-mp3-music.com/fr2/youtube-mp3-2.html]
[youtube-mp3-music.com/fr2/mp3-donusturucu.html]
[youtube-mp3-music.com/fr2/youtube-converter-mp4.html]
[youtube-mp3-music.com/fr2/youtube-mp3-evir.html]
[youtube-mp3-music.com/fr2/mp3-doenuetueruecue-youtube-tubidy.html]
[youtube-mp3-music.com/fr2/list.html]
[youtube-mp3-music.com/fr2/dmca.html]
[youtube-mp3-music.com/fr2/youtube-mp4-donusturucu.html]
[youtube-mp3-music.com/fr2/youtube-video-converter-mp3.html]
[youtube-mp3-music.com/fr2.html]
[youtube-mp3-music.com/fr2/youtube-mp3-converter.html]
[youtube-mp3-music.com/de2/youtube-mp4-indirme.html]
[youtube-mp3-music.com/de2/youtube-mp4-hd.html]
[youtube-mp3-music.com/de2/youtube-mp4-donusturucu.html]
[youtube-mp3-music.com/de2/youtube-mp3-indirme-program.html]
[youtube-mp3-music.com/de2/youtube-mp3-cevirici.html]
[youtube-mp3-music.com/de2/youtube-mp3-2.html]
[youtube-mp3-music.com/de2/list.html]
[youtube-mp3-music.com/de2/dmca.html]
[youtube-mp3-music.com/de2/youtube-mp3-muezik-indir.html]
[youtube-mp3-music.com/de2/youtube-mp4-indir.html]
[youtube-mp3-music.com/de2.html]
[youtube-mp3-music.com/de2/youtube-to-mp3.html]
[youtube-mp3-music.com/pt2/youtube-mp4.html]
[youtube-mp3-music.com/pt2/youtube-mp4-donusturucu.html]
[youtube-mp3-music.com/pt2/youtube-mp4-doenuetueruecuesue.html]
[youtube-mp3-music.com/pt2/youtube-mp3-indirme-eklentisi.html]
[youtube-mp3-music.com/pt2/youtube-converter-mp4.html]
[youtube-mp3-music.com/pt2/mp3-youtube.html]
[youtube-mp3-music.com/pt2/list.html]
[youtube-mp3-music.com/pt2/dmca.html]
[youtube-mp3-music.com/pt2.html]
[youtube-mp3-music.com/pt2/youtube-mp3-doenuetueruecue-tubidy.html]
[youtube-mp3-music.com/es2/youtube-mp3-video-doenuetueruecue.html]
[youtube-mp3-music.com/es2/youtube-mp3-indirme-program.html]
[youtube-mp3-music.com/es2/youtube-mp3-indir-program.html]
[youtube-mp3-music.com/es2/youtube-mp3-doenuetueruecue.html]
[youtube-mp3-music.com/es2/youtube-mp3-cevirici.html]
[youtube-mp3-music.com/es2/youtube-indir-mp3.html]
[youtube-mp3-music.com/es2/list.html]
[youtube-mp3-music.com/es2/dmca.html]
[youtube-mp3-music.com/es2.html]
[youtube-mp3-music.com/es2/youtube-mp3-indirme-eklentisi.html]
[youtube-mp3-music.com/it2/youtube-mp3-ndr.html]
[youtube-mp3-music.com/it2/youtube-mp3-indirme-program.html]
[youtube-mp3-music.com/it2/youtube-mp3-indirme-eklentisi.html]
[youtube-mp3-music.com/it2/youtube-mp3-evir.html]
[youtube-mp3-music.com/it2/youtube-mp3-2.html]
[youtube-mp3-music.com/it2/mp3-donusturucu.html]
[youtube-mp3-music.com/it2/list.html]
[youtube-mp3-music.com/it2/dmca.html]
[youtube-mp3-music.com/it2/mp4-doenuetueruecue-youtube.html]
[youtube-mp3-music.com/it2.html]
[youtube-mp3-music.com/it2/youtube-mp4-doenuetueruecue-tubidy.html]
[youtube-mp3-music.com/jp2/youtube-video-indir-mp4.html]
[youtube-mp3-music.com/jp2/youtube-mp3-indirme-program.html]
[youtube-mp3-music.com/jp2/youtube-mp3-indir-program.html]
[youtube-mp3-music.com/jp2/youtube-mp3-doenuetueruecuesue.html]
[youtube-mp3-music.com/jp2/mp3-youtube.html]
[youtube-mp3-music.com/jp2/mp3-flvto.html]
[youtube-mp3-music.com/jp2/list.html]
[youtube-mp3-music.com/jp2/dmca.html]
[youtube-mp3-music.com/jp2/youtube-mp4-doenuetueruecuesue.html]
[youtube-mp3-music.com/jp2.html]
[youtube-mp3-music.com/jp2/youtube-mp3-indirme-program-2019.html]
[youtube-mp3-music.com/pl2/youtube-to-mp3.html]
[youtube-mp3-music.com/pl2/youtube-mp3-video-doenuetueruecue.html]
[youtube-mp3-music.com/pl2/youtube-mp3-doenuetueruecue-tubidy.html]
[youtube-mp3-music.com/pl2/mp4-doenuetueruecue-youtube.html]
[youtube-mp3-music.com/pl2/mp3-doenuetueruecue-youtube-tubidy.html]
[youtube-mp3-music.com/pl2/convertisseur-youtube-mp3.html]
[youtube-mp3-music.com/pl2/list.html]
[youtube-mp3-music.com/pl2/dmca.html]
[youtube-mp3-music.com/pl2/mp3-youtube.html]
[youtube-mp3-music.com/pl2/youtube-mp3-doenuetueruecue-orjinal.html]
[youtube-mp3-music.com/pl2.html]
[youtube-mp3-music.com/pl2/youtube-mp3org.html]
[youtube-mp3-music.com/nl2/youtube-mp4-donustusturucu.html]
[youtube-mp3-music.com/nl2/youtube-mp3-doenuetueruecue-tubidy.html]
[youtube-mp3-music.com/nl2/youtube-mp3-doenuetueruecue-indir.html]
[youtube-mp3-music.com/nl2/youtube-indir-mp3.html]
[youtube-mp3-music.com/nl2/youtube-download-mp3.html]
[youtube-mp3-music.com/nl2/mp3-doenuetueruecue-youtube-indir.html]
[youtube-mp3-music.com/nl2/list.html]
[youtube-mp3-music.com/nl2/dmca.html]
[youtube-mp3-music.com/nl2/youtube-mp3-video-indir.html]
[youtube-mp3-music.com/nl2.html]
[youtube-mp3-music.com/_nuxt/85afac5573350a886a13de38ef933be3.svg]
[youtube-mp3-music.com/index.html]
[youtube-mp3-music.com/nl2/youtube-2-mp3.html]
[youtube-mp3-music.com/de2/youtube-video-indir-mp4.html]
[youtube-mp3-music.com/pt2/youtube-video-indir-mp4.html]
[youtube-mp3-music.com/es2/youtube-video-indir-mp4.html]
[youtube-mp3-music.com/it2/youtube-video-indir-mp4.html]
[youtube-mp3-music.com/pl2/youtube-video-indir-mp4.html]
[youtube-mp3-music.com/nl2/youtube-video-indir-mp4.html]
[youtube-mp3-music.com/tr2/youtube-mp3-ndr.html]
[youtube-mp3-music.com/tr2/youtube-indir-mp3.html]
[youtube-mp3-music.com/tr2/youtube-video-indir-mp4.html]
[youtube-mp3-music.com/tr2/youtube-mp3-doenuetueruecue-orjinal.html]
[youtube-mp3-music.com/pt2/youtube-mp3-2.html]
[youtube-mp3-music.com/es2/youtube-mp3-2.html]
[youtube-mp3-music.com/jp2/youtube-mp3-2.html]
[youtube-mp3-music.com/pl2/youtube-mp3-2.html]
[youtube-mp3-music.com/nl2/youtube-mp3-2.html]
[youtube-mp3-music.com/tr2/youtube-mp3-indirme-eklentisi.html]
[youtube-mp3-music.com/tr2/youtube-mp3-video-doenuetueruecue.html]
[youtube-mp3-music.com/tr2/youtube-2-mp3.html]
[youtube-mp3-music.com/tr2/youtube-mp3-2.html]
[youtube-mp3-music.com/tr2/youtube-mp3-indirme-program.html]
[youtube-mp3-music.com/de2/mp3-donusturucu.html]
[youtube-mp3-music.com/pt2/mp3-donusturucu.html]
[youtube-mp3-music.com/es2/mp3-donusturucu.html]
[youtube-mp3-music.com/jp2/mp3-donusturucu.html]
[youtube-mp3-music.com/pl2/mp3-donusturucu.html]
[youtube-mp3-music.com/nl2/mp3-donusturucu.html]
[youtube-mp3-music.com/tr2/mp3-donusturucu.html]
[youtube-mp3-music.com/tr2/youtube-to-mp3.html]
[youtube-mp3-music.com/de2/youtube-converter-mp4.html]
[youtube-mp3-music.com/es2/youtube-converter-mp4.html]
[youtube-mp3-music.com/it2/youtube-converter-mp4.html]
[youtube-mp3-music.com/jp2/youtube-converter-mp4.html]
[youtube-mp3-music.com/pl2/youtube-converter-mp4.html]
[youtube-mp3-music.com/nl2/youtube-converter-mp4.html]
[youtube-mp3-music.com/tr2/mp3-doenuetueruecue-youtube-indir.html]
[youtube-mp3-music.com/tr2/youtube-mp4-indirme.html]
[youtube-mp3-music.com/tr2/youtube-converter-mp4.html]
[youtube-mp3-music.com/tr2/youtube-mp3-doenuetueruecuesue.html]
[youtube-mp3-music.com/de2/youtube-mp3-evir.html]
[youtube-mp3-music.com/pt2/youtube-mp3-evir.html]
[youtube-mp3-music.com/es2/youtube-mp3-evir.html]
[youtube-mp3-music.com/jp2/youtube-mp3-evir.html]
[youtube-mp3-music.com/pl2/youtube-mp3-evir.html]
[youtube-mp3-music.com/nl2/youtube-mp3-evir.html]
[youtube-mp3-music.com/tr2/youtube-mp3-muezik-indir.html]
[youtube-mp3-music.com/tr2/youtube-mp3-indir-program.html]
[youtube-mp3-music.com/tr2/youtube-mp3-evir.html]
[youtube-mp3-music.com/tr2/mp4-doenuetueruecue-youtube.html]
[youtube-mp3-music.com/de2/mp3-doenuetueruecue-youtube-tubidy.html]
[youtube-mp3-music.com/pt2/mp3-doenuetueruecue-youtube-tubidy.html]
[youtube-mp3-music.com/es2/mp3-doenuetueruecue-youtube-tubidy.html]
[youtube-mp3-music.com/it2/mp3-doenuetueruecue-youtube-tubidy.html]
[youtube-mp3-music.com/jp2/mp3-doenuetueruecue-youtube-tubidy.html]
[youtube-mp3-music.com/nl2/mp3-doenuetueruecue-youtube-tubidy.html]
[youtube-mp3-music.com/tr2/mp3-doenuetueruecue-youtube-tubidy.html]
[youtube-mp3-music.com/tr2/youtube-mp3-indir.html]
[youtube-mp3-music.com/tr2/convertisseur-youtube-mp3.html]
[youtube-mp3-music.com/tr2/mp3-flvto.html]
[youtube-mp3-music.com/tr2/mp3-youtube.html]
[youtube-mp3-music.com/tr2/youtube-dan-mp3-indirme.html]
[youtube-mp3-music.com/tr2/youtube-download-mp3.html]
[youtube-mp3-music.com/tr2/youtube-mp3-cevirici.html]
[youtube-mp3-music.com/tr2/youtube-mp3-doenuetuer.html]
[youtube-mp3-music.com/tr2/youtube-mp3-doenuetueruecue-1.html]
[youtube-mp3-music.com/tr2/youtube-mp3-doenuetueruecue-indir.html]
[youtube-mp3-music.com/tr2/youtube-mp3-doenuetueruecue-tubidy.html]
[youtube-mp3-music.com/tr2/youtube-mp3-doenuetueruecue.html]
[youtube-mp3-music.com/tr2/youtube-mp3-indirme-program-2019.html]
[youtube-mp3-music.com/tr2/youtube-mp3-video-indir.html]
[youtube-mp3-music.com/tr2/youtube-mp3org.html]
[youtube-mp3-music.com/tr2/youtube-mp4-doenuetueruecue-tubidy.html]
[youtube-mp3-music.com/tr2/youtube-mp4-doenuetueruecuesue.html]
[youtube-mp3-music.com/tr2/youtube-mp4-donustusturucu.html]
[youtube-mp3-music.com/tr2/youtube-mp4-downloader.html]
[youtube-mp3-music.com/tr2/youtube-mp4-hd.html]
[youtube-mp3-music.com/tr2/youtube-mp4-indir.html]
[youtube-mp3-music.com/tr2/youtube-mp4.html]
[youtube-mp3-music.com/tr2/list.html]
[youtube-mp3-music.com/tr2/dmca.html]
[youtube-mp3-music.com/tr2/youtube-video-doenuetueruecue-mp4.html]
[youtube-mp3-music.com/es2/youtube-mp4-donusturucu.html]
[youtube-mp3-music.com/it2/youtube-mp4-donusturucu.html]
[youtube-mp3-music.com/jp2/youtube-mp4-donusturucu.html]
[youtube-mp3-music.com/pl2/youtube-mp4-donusturucu.html]
[youtube-mp3-music.com/tr2/youtube-mp4-donusturucu.html]
[youtube-mp3-music.com/nl2/youtube-mp4-donusturucu.html]
[youtube-mp3-music.com/de2/youtube-video-converter-mp3.html]
[youtube-mp3-music.com/pt2/youtube-video-converter-mp3.html]
[youtube-mp3-music.com/es2/youtube-video-converter-mp3.html]
[youtube-mp3-music.com/it2/youtube-video-converter-mp3.html]
[youtube-mp3-music.com/jp2/youtube-video-converter-mp3.html]
[youtube-mp3-music.com/pl2/youtube-video-converter-mp3.html]
[youtube-mp3-music.com/tr2/youtube-video-converter-mp3.html]
[youtube-mp3-music.com/nl2/youtube-video-converter-mp3.html]
[youtube-mp3-music.com/de2/youtube-mp3-converter.html]
[youtube-mp3-music.com/pt2/youtube-mp3-converter.html]
[youtube-mp3-music.com/es2/youtube-mp3-converter.html]
[youtube-mp3-music.com/it2/youtube-mp3-converter.html]
[youtube-mp3-music.com/jp2/youtube-mp3-converter.html]
[youtube-mp3-music.com/pl2/youtube-mp3-converter.html]
[youtube-mp3-music.com/tr2/youtube-mp3-converter.html]
[youtube-mp3-music.com/nl2/youtube-mp3-converter.html]
[youtube-mp3-music.com/fr2/youtube-mp3-ndr.html]
[youtube-mp3-music.com/fr2/youtube-indir-mp3.html]
[youtube-mp3-music.com/fr2/youtube-video-indir-mp4.html]
[youtube-mp3-music.com/fr2/youtube-mp3-doenuetueruecue-orjinal.html]
[youtube-mp3-music.com/fr2/youtube-mp3-indirme-eklentisi.html]
[youtube-mp3-music.com/fr2/youtube-mp3-video-doenuetueruecue.html]
[youtube-mp3-music.com/fr2/youtube-2-mp3.html]
[youtube-mp3-music.com/fr2/youtube-mp3-2.html]
[youtube-mp3-music.com/fr2/youtube-mp3-indirme-program.html]
[youtube-mp3-music.com/fr2/mp3-donusturucu.html]
[youtube-mp3-music.com/fr2/youtube-to-mp3.html]
[youtube-mp3-music.com/fr2/mp3-doenuetueruecue-youtube-indir.html]
[youtube-mp3-music.com/fr2/youtube-mp4-indirme.html]
[youtube-mp3-music.com/fr2/youtube-converter-mp4.html]
[youtube-mp3-music.com/fr2/youtube-mp3-doenuetueruecuesue.html]
[youtube-mp3-music.com/fr2/youtube-mp3-muezik-indir.html]
[youtube-mp3-music.com/fr2/youtube-mp3-indir-program.html]
[youtube-mp3-music.com/fr2/youtube-mp3-evir.html]
[youtube-mp3-music.com/fr2/mp4-doenuetueruecue-youtube.html]
[youtube-mp3-music.com/fr2/mp3-doenuetueruecue-youtube-tubidy.html]
[youtube-mp3-music.com/fr2/youtube-mp3-indir.html]
[youtube-mp3-music.com/fr2/convertisseur-youtube-mp3.html]
[youtube-mp3-music.com/fr2/mp3-flvto.html]
[youtube-mp3-music.com/fr2/mp3-youtube.html]
[youtube-mp3-music.com/fr2/youtube-dan-mp3-indirme.html]
[youtube-mp3-music.com/fr2/youtube-download-mp3.html]
[youtube-mp3-music.com/fr2/youtube-mp3-cevirici.html]
[youtube-mp3-music.com/fr2/youtube-mp3-doenuetuer.html]
[youtube-mp3-music.com/fr2/youtube-mp3-doenuetueruecue-1.html]
[youtube-mp3-music.com/fr2/youtube-mp3-doenuetueruecue-indir.html]
[youtube-mp3-music.com/fr2/youtube-mp3-doenuetueruecue-tubidy.html]
[youtube-mp3-music.com/fr2/youtube-mp3-doenuetueruecue.html]
[youtube-mp3-music.com/fr2/youtube-mp3-indirme-program-2019.html]
[youtube-mp3-music.com/fr2/youtube-mp3-video-indir.html]
[youtube-mp3-music.com/fr2/youtube-mp3org.html]
[youtube-mp3-music.com/fr2/youtube-mp4-doenuetueruecue-tubidy.html]
[youtube-mp3-music.com/fr2/youtube-mp4-doenuetueruecuesue.html]
[youtube-mp3-music.com/fr2/youtube-mp4-donustusturucu.html]
[youtube-mp3-music.com/fr2/youtube-mp4-downloader.html]
[youtube-mp3-music.com/fr2/youtube-mp4-hd.html]
[youtube-mp3-music.com/fr2/youtube-mp4-indir.html]
[youtube-mp3-music.com/fr2/youtube-mp4.html]
[youtube-mp3-music.com/fr2/list.html]
[youtube-mp3-music.com/fr2/dmca.html]
[youtube-mp3-music.com/fr2/youtube-mp4-donusturucu.html]
[youtube-mp3-music.com/fr2/youtube-video-converter-mp3.html]
[youtube-mp3-music.com/fr2/youtube-mp3-converter.html]
[youtube-mp3-music.com/fr2/youtube-video-doenuetueruecue-mp4.html]
[youtube-mp3-music.com/pt2/youtube-mp4-indirme.html]
[youtube-mp3-music.com/es2/youtube-mp4-indirme.html]
[youtube-mp3-music.com/it2/youtube-mp4-indirme.html]
[youtube-mp3-music.com/jp2/youtube-mp4-indirme.html]
[youtube-mp3-music.com/pl2/youtube-mp4-indirme.html]
[youtube-mp3-music.com/nl2/youtube-mp4-indirme.html]
[youtube-mp3-music.com/de2/mp3-youtube.html]
[youtube-mp3-music.com/de2/youtube-mp3-indirme-eklentisi.html]
[youtube-mp3-music.com/de2/youtube-mp4-indirme.html]
[youtube-mp3-music.com/de2/youtube-2-mp3.html]
[youtube-mp3-music.com/pt2/youtube-mp4-hd.html]
[youtube-mp3-music.com/es2/youtube-mp4-hd.html]
[youtube-mp3-music.com/it2/youtube-mp4-hd.html]
[youtube-mp3-music.com/jp2/youtube-mp4-hd.html]
[youtube-mp3-music.com/pl2/youtube-mp4-hd.html]
[youtube-mp3-music.com/nl2/youtube-mp4-hd.html]
[youtube-mp3-music.com/de2/youtube-mp4-hd.html]
[youtube-mp3-music.com/de2/youtube-mp3-doenuetueruecue.html]
[youtube-mp3-music.com/de2/youtube-mp4-donusturucu.html]
[youtube-mp3-music.com/de2/youtube-mp3-doenuetueruecue-indir.html]
[youtube-mp3-music.com/pt2/youtube-mp3-indirme-program.html]
[youtube-mp3-music.com/pl2/youtube-mp3-indirme-program.html]
[youtube-mp3-music.com/nl2/youtube-mp3-indirme-program.html]
[youtube-mp3-music.com/de2/youtube-dan-mp3-indirme.html]
[youtube-mp3-music.com/de2/youtube-mp3-indirme-program.html]
[youtube-mp3-music.com/de2/youtube-mp3-indir-program.html]
[youtube-mp3-music.com/pt2/youtube-mp3-cevirici.html]
[youtube-mp3-music.com/it2/youtube-mp3-cevirici.html]
[youtube-mp3-music.com/jp2/youtube-mp3-cevirici.html]
[youtube-mp3-music.com/pl2/youtube-mp3-cevirici.html]
[youtube-mp3-music.com/nl2/youtube-mp3-cevirici.html]
[youtube-mp3-music.com/de2/youtube-mp3-ndr.html]
[youtube-mp3-music.com/de2/youtube-mp3-cevirici.html]
[youtube-mp3-music.com/de2/youtube-mp3-indirme-program-2019.html]
[youtube-mp3-music.com/de2/youtube-mp3-2.html]
[youtube-mp3-music.com/de2/youtube-mp3-doenuetueruecuesue.html]
[youtube-mp3-music.com/de2/convertisseur-youtube-mp3.html]
[youtube-mp3-music.com/de2/mp3-doenuetueruecue-youtube-indir.html]
[youtube-mp3-music.com/de2/mp3-flvto.html]
[youtube-mp3-music.com/de2/mp4-doenuetueruecue-youtube.html]
[youtube-mp3-music.com/de2/youtube-download-mp3.html]
[youtube-mp3-music.com/de2/youtube-indir-mp3.html]
[youtube-mp3-music.com/de2/youtube-mp3-doenuetuer.html]
[youtube-mp3-music.com/de2/youtube-mp3-doenuetueruecue-1.html]
[youtube-mp3-music.com/de2/youtube-mp3-doenuetueruecue-orjinal.html]
[youtube-mp3-music.com/de2/youtube-mp3-doenuetueruecue-tubidy.html]
[youtube-mp3-music.com/de2/youtube-mp3-indir.html]
[youtube-mp3-music.com/de2/youtube-mp3-video-doenuetueruecue.html]
[youtube-mp3-music.com/de2/youtube-mp3-video-indir.html]
[youtube-mp3-music.com/de2/youtube-mp3org.html]
[youtube-mp3-music.com/de2/youtube-mp4-doenuetueruecue-tubidy.html]
[youtube-mp3-music.com/de2/youtube-mp4-doenuetueruecuesue.html]
[youtube-mp3-music.com/de2/youtube-mp4-donustusturucu.html]
[youtube-mp3-music.com/de2/youtube-mp4-downloader.html]
[youtube-mp3-music.com/de2/youtube-mp4.html]
[youtube-mp3-music.com/de2/list.html]
[youtube-mp3-music.com/de2/dmca.html]
[youtube-mp3-music.com/de2/youtube-video-doenuetueruecue-mp4.html]
[youtube-mp3-music.com/pt2/youtube-mp3-muezik-indir.html]
[youtube-mp3-music.com/es2/youtube-mp3-muezik-indir.html]
[youtube-mp3-music.com/it2/youtube-mp3-muezik-indir.html]
[youtube-mp3-music.com/jp2/youtube-mp3-muezik-indir.html]
[youtube-mp3-music.com/pl2/youtube-mp3-muezik-indir.html]
[youtube-mp3-music.com/de2/youtube-mp3-muezik-indir.html]
[youtube-mp3-music.com/nl2/youtube-mp3-muezik-indir.html]
[youtube-mp3-music.com/pt2/youtube-mp4-indir.html]
[youtube-mp3-music.com/es2/youtube-mp4-indir.html]
[youtube-mp3-music.com/it2/youtube-mp4-indir.html]
[youtube-mp3-music.com/jp2/youtube-mp4-indir.html]
[youtube-mp3-music.com/pl2/youtube-mp4-indir.html]
[youtube-mp3-music.com/de2/youtube-mp4-indir.html]
[youtube-mp3-music.com/nl2/youtube-mp4-indir.html]
[youtube-mp3-music.com/pt2/youtube-to-mp3.html]
[youtube-mp3-music.com/es2/youtube-to-mp3.html]
[youtube-mp3-music.com/it2/youtube-to-mp3.html]
[youtube-mp3-music.com/jp2/youtube-to-mp3.html]
[youtube-mp3-music.com/de2/youtube-to-mp3.html]
[youtube-mp3-music.com/nl2/youtube-to-mp3.html]
[youtube-mp3-music.com/es2/youtube-mp4.html]
[youtube-mp3-music.com/it2/youtube-mp4.html]
[youtube-mp3-music.com/jp2/youtube-mp4.html]
[youtube-mp3-music.com/pl2/youtube-mp4.html]
[youtube-mp3-music.com/nl2/youtube-mp4.html]
[youtube-mp3-music.com/pt2/youtube-mp3-doenuetuer.html]
[youtube-mp3-music.com/pt2/youtube-mp4.html]
[youtube-mp3-music.com/pt2/mp4-doenuetueruecue-youtube.html]
[youtube-mp3-music.com/pt2/youtube-mp4-donusturucu.html]
[youtube-mp3-music.com/pt2/youtube-mp3-ndr.html]
[youtube-mp3-music.com/es2/youtube-mp4-doenuetueruecuesue.html]
[youtube-mp3-music.com/it2/youtube-mp4-doenuetueruecuesue.html]
[youtube-mp3-music.com/pl2/youtube-mp4-doenuetueruecuesue.html]
[youtube-mp3-music.com/nl2/youtube-mp4-doenuetueruecuesue.html]
[youtube-mp3-music.com/pt2/youtube-mp4-doenuetueruecuesue.html]
[youtube-mp3-music.com/pt2/youtube-mp3-indirme-program-2019.html]
[youtube-mp3-music.com/jp2/youtube-mp3-indirme-eklentisi.html]
[youtube-mp3-music.com/pl2/youtube-mp3-indirme-eklentisi.html]
[youtube-mp3-music.com/nl2/youtube-mp3-indirme-eklentisi.html]
[youtube-mp3-music.com/pt2/youtube-mp3-indirme-eklentisi.html]
[youtube-mp3-music.com/pt2/youtube-converter-mp4.html]
[youtube-mp3-music.com/pt2/youtube-mp3-doenuetueruecue-indir.html]
[youtube-mp3-music.com/es2/mp3-youtube.html]
[youtube-mp3-music.com/it2/mp3-youtube.html]
[youtube-mp3-music.com/nl2/mp3-youtube.html]
[youtube-mp3-music.com/pt2/mp3-youtube.html]
[youtube-mp3-music.com/pt2/youtube-mp4-donustusturucu.html]
[youtube-mp3-music.com/pt2/convertisseur-youtube-mp3.html]
[youtube-mp3-music.com/pt2/mp3-doenuetueruecue-youtube-indir.html]
[youtube-mp3-music.com/pt2/mp3-flvto.html]
[youtube-mp3-music.com/pt2/youtube-2-mp3.html]
[youtube-mp3-music.com/pt2/youtube-dan-mp3-indirme.html]
[youtube-mp3-music.com/pt2/youtube-download-mp3.html]
[youtube-mp3-music.com/pt2/youtube-indir-mp3.html]
[youtube-mp3-music.com/pt2/youtube-mp3-doenuetueruecue-1.html]
[youtube-mp3-music.com/pt2/youtube-mp3-doenuetueruecue-orjinal.html]
[youtube-mp3-music.com/pt2/youtube-mp3-doenuetueruecue.html]
[youtube-mp3-music.com/pt2/youtube-mp3-doenuetueruecuesue.html]
[youtube-mp3-music.com/pt2/youtube-mp3-indir-program.html]
[youtube-mp3-music.com/pt2/youtube-mp3-indir.html]
[youtube-mp3-music.com/pt2/youtube-mp3-video-doenuetueruecue.html]
[youtube-mp3-music.com/pt2/youtube-mp3-video-indir.html]
[youtube-mp3-music.com/pt2/youtube-mp3org.html]
[youtube-mp3-music.com/pt2/youtube-mp4-doenuetueruecue-tubidy.html]
[youtube-mp3-music.com/pt2/youtube-mp4-downloader.html]
[youtube-mp3-music.com/pt2/list.html]
[youtube-mp3-music.com/pt2/dmca.html]
[youtube-mp3-music.com/pt2/youtube-video-doenuetueruecue-mp4.html]
[youtube-mp3-music.com/es2/youtube-mp3-doenuetueruecue-tubidy.html]
[youtube-mp3-music.com/it2/youtube-mp3-doenuetueruecue-tubidy.html]
[youtube-mp3-music.com/pt2/youtube-mp3-doenuetueruecue-tubidy.html]
[youtube-mp3-music.com/jp2/youtube-mp3-doenuetueruecue-tubidy.html]
[youtube-mp3-music.com/it2/youtube-mp3-video-doenuetueruecue.html]
[youtube-mp3-music.com/jp2/youtube-mp3-video-doenuetueruecue.html]
[youtube-mp3-music.com/nl2/youtube-mp3-video-doenuetueruecue.html]
[youtube-mp3-music.com/es2/youtube-mp3-video-doenuetueruecue.html]
[youtube-mp3-music.com/es2/youtube-mp3-indirme-program.html]
[youtube-mp3-music.com/es2/youtube-dan-mp3-indirme.html]
[youtube-mp3-music.com/it2/youtube-mp3-indir-program.html]
[youtube-mp3-music.com/pl2/youtube-mp3-indir-program.html]
[youtube-mp3-music.com/nl2/youtube-mp3-indir-program.html]
[youtube-mp3-music.com/es2/youtube-mp3-indir-program.html]
[youtube-mp3-music.com/es2/youtube-mp3-doenuetueruecue-1.html]
[youtube-mp3-music.com/it2/youtube-mp3-doenuetueruecue.html]
[youtube-mp3-music.com/jp2/youtube-mp3-doenuetueruecue.html]
[youtube-mp3-music.com/pl2/youtube-mp3-doenuetueruecue.html]
[youtube-mp3-music.com/nl2/youtube-mp3-doenuetueruecue.html]
[youtube-mp3-music.com/es2/youtube-mp3-doenuetueruecue.html]
[youtube-mp3-music.com/es2/youtube-mp3-indir.html]
[youtube-mp3-music.com/es2/youtube-mp3-doenuetueruecue-orjinal.html]
[youtube-mp3-music.com/es2/youtube-mp3-cevirici.html]
[youtube-mp3-music.com/es2/youtube-video-doenuetueruecue-mp4.html]
[youtube-mp3-music.com/it2/youtube-indir-mp3.html]
[youtube-mp3-music.com/jp2/youtube-indir-mp3.html]
[youtube-mp3-music.com/pl2/youtube-indir-mp3.html]
[youtube-mp3-music.com/es2/youtube-indir-mp3.html]
[youtube-mp3-music.com/es2/youtube-mp3org.html]
[youtube-mp3-music.com/es2/convertisseur-youtube-mp3.html]
[youtube-mp3-music.com/es2/mp3-doenuetueruecue-youtube-indir.html]
[youtube-mp3-music.com/es2/mp3-flvto.html]
[youtube-mp3-music.com/es2/mp4-doenuetueruecue-youtube.html]
[youtube-mp3-music.com/es2/youtube-2-mp3.html]
[youtube-mp3-music.com/es2/youtube-download-mp3.html]
[youtube-mp3-music.com/es2/youtube-mp3-doenuetuer.html]
[youtube-mp3-music.com/es2/youtube-mp3-doenuetueruecue-indir.html]
[youtube-mp3-music.com/es2/youtube-mp3-doenuetueruecuesue.html]
[youtube-mp3-music.com/es2/youtube-mp3-indirme-program-2019.html]
[youtube-mp3-music.com/es2/youtube-mp3-ndr.html]
[youtube-mp3-music.com/es2/youtube-mp3-video-indir.html]
[youtube-mp3-music.com/es2/youtube-mp4-doenuetueruecue-tubidy.html]
[youtube-mp3-music.com/es2/youtube-mp4-donustusturucu.html]
[youtube-mp3-music.com/es2/list.html]
[youtube-mp3-music.com/es2/dmca.html]
[youtube-mp3-music.com/es2/youtube-mp3-indirme-eklentisi.html]
[youtube-mp3-music.com/es2/youtube-mp4-downloader.html]
[youtube-mp3-music.com/jp2/youtube-mp3-ndr.html]
[youtube-mp3-music.com/pl2/youtube-mp3-ndr.html]
[youtube-mp3-music.com/nl2/youtube-mp3-ndr.html]
[youtube-mp3-music.com/it2/youtube-mp3-ndr.html]
[youtube-mp3-music.com/it2/mp3-doenuetueruecue-youtube-indir.html]
[youtube-mp3-music.com/it2/youtube-mp3-indirme-program.html]
[youtube-mp3-music.com/it2/youtube-mp3-doenuetuer.html]
[youtube-mp3-music.com/it2/mp3-flvto.html]
[youtube-mp3-music.com/it2/youtube-mp3-indirme-eklentisi.html]
[youtube-mp3-music.com/it2/youtube-dan-mp3-indirme.html]
[youtube-mp3-music.com/it2/youtube-mp3-doenuetueruecue-1.html]
[youtube-mp3-music.com/it2/youtube-mp3-evir.html]
[youtube-mp3-music.com/it2/youtube-mp3-2.html]
[youtube-mp3-music.com/it2/youtube-2-mp3.html]
[youtube-mp3-music.com/it2/mp3-donusturucu.html]
[youtube-mp3-music.com/it2/youtube-mp3-indir.html]
[youtube-mp3-music.com/it2/convertisseur-youtube-mp3.html]
[youtube-mp3-music.com/it2/youtube-download-mp3.html]
[youtube-mp3-music.com/it2/youtube-mp3-doenuetueruecue-indir.html]
[youtube-mp3-music.com/it2/youtube-mp3-doenuetueruecue-orjinal.html]
[youtube-mp3-music.com/it2/youtube-mp3-doenuetueruecuesue.html]
[youtube-mp3-music.com/it2/youtube-mp3-indirme-program-2019.html]
[youtube-mp3-music.com/it2/youtube-mp3-video-indir.html]
[youtube-mp3-music.com/it2/youtube-mp3org.html]
[youtube-mp3-music.com/it2/youtube-mp4-donustusturucu.html]
[youtube-mp3-music.com/it2/youtube-mp4-downloader.html]
[youtube-mp3-music.com/it2/list.html]
[youtube-mp3-music.com/it2/dmca.html]
[youtube-mp3-music.com/it2/youtube-video-doenuetueruecue-mp4.html]
[youtube-mp3-music.com/jp2/mp4-doenuetueruecue-youtube.html]
[youtube-mp3-music.com/it2/mp4-doenuetueruecue-youtube.html]
[youtube-mp3-music.com/nl2/mp4-doenuetueruecue-youtube.html]
[youtube-mp3-music.com/jp2/youtube-mp4-doenuetueruecue-tubidy.html]
[youtube-mp3-music.com/pl2/youtube-mp4-doenuetueruecue-tubidy.html]
[youtube-mp3-music.com/it2/youtube-mp4-doenuetueruecue-tubidy.html]
[youtube-mp3-music.com/nl2/youtube-mp4-doenuetueruecue-tubidy.html]
[youtube-mp3-music.com/jp2/youtube-mp3-doenuetuer.html]
[youtube-mp3-music.com/jp2/youtube-video-indir-mp4.html]
[youtube-mp3-music.com/jp2/youtube-mp3-indirme-program.html]
[youtube-mp3-music.com/jp2/youtube-mp3-indir-program.html]
[youtube-mp3-music.com/jp2/youtube-2-mp3.html]
[youtube-mp3-music.com/pl2/youtube-mp3-doenuetueruecuesue.html]
[youtube-mp3-music.com/jp2/youtube-mp3-doenuetueruecuesue.html]
[youtube-mp3-music.com/nl2/youtube-mp3-doenuetueruecuesue.html]
[youtube-mp3-music.com/jp2/youtube-mp3org.html]
[youtube-mp3-music.com/jp2/mp3-youtube.html]
[youtube-mp3-music.com/jp2/youtube-download-mp3.html]
[youtube-mp3-music.com/pl2/mp3-flvto.html]
[youtube-mp3-music.com/nl2/mp3-flvto.html]
[youtube-mp3-music.com/jp2/youtube-mp3-indir.html]
[youtube-mp3-music.com/jp2/mp3-flvto.html]
[youtube-mp3-music.com/jp2/youtube-mp3-doenuetueruecue-indir.html]
[youtube-mp3-music.com/jp2/convertisseur-youtube-mp3.html]
[youtube-mp3-music.com/jp2/mp3-doenuetueruecue-youtube-indir.html]
[youtube-mp3-music.com/jp2/youtube-dan-mp3-indirme.html]
[youtube-mp3-music.com/jp2/youtube-mp3-doenuetueruecue-1.html]
[youtube-mp3-music.com/jp2/youtube-mp3-doenuetueruecue-orjinal.html]
[youtube-mp3-music.com/jp2/youtube-mp3-video-indir.html]
[youtube-mp3-music.com/jp2/youtube-mp4-donustusturucu.html]
[youtube-mp3-music.com/jp2/youtube-mp4-downloader.html]
[youtube-mp3-music.com/jp2/list.html]
[youtube-mp3-music.com/jp2/dmca.html]
[youtube-mp3-music.com/jp2/youtube-mp4-doenuetueruecuesue.html]
[youtube-mp3-music.com/jp2/youtube-video-doenuetueruecue-mp4.html]
[youtube-mp3-music.com/pl2/youtube-mp3-indirme-program-2019.html]
[youtube-mp3-music.com/jp2/youtube-mp3-indirme-program-2019.html]
[youtube-mp3-music.com/pl2/youtube-to-mp3.html]
[youtube-mp3-music.com/pl2/youtube-mp3-video-doenuetueruecue.html]
[youtube-mp3-music.com/nl2/youtube-mp3-indirme-program-2019.html]
[youtube-mp3-music.com/pl2/youtube-mp3-video-indir.html]
[youtube-mp3-music.com/pl2/youtube-mp3-doenuetueruecue-tubidy.html]
[youtube-mp3-music.com/pl2/youtube-mp3-indir.html]
[youtube-mp3-music.com/pl2/mp4-doenuetueruecue-youtube.html]
[youtube-mp3-music.com/pl2/mp3-doenuetueruecue-youtube-tubidy.html]
[youtube-mp3-music.com/pl2/youtube-video-doenuetueruecue-mp4.html]
[youtube-mp3-music.com/nl2/convertisseur-youtube-mp3.html]
[youtube-mp3-music.com/pl2/convertisseur-youtube-mp3.html]
[youtube-mp3-music.com/pl2/mp3-doenuetueruecue-youtube-indir.html]
[youtube-mp3-music.com/pl2/youtube-2-mp3.html]
[youtube-mp3-music.com/pl2/youtube-dan-mp3-indirme.html]
[youtube-mp3-music.com/pl2/youtube-download-mp3.html]
[youtube-mp3-music.com/pl2/youtube-mp3-doenuetuer.html]
[youtube-mp3-music.com/pl2/youtube-mp3-doenuetueruecue-1.html]
[youtube-mp3-music.com/pl2/youtube-mp3-doenuetueruecue-indir.html]
[youtube-mp3-music.com/pl2/youtube-mp4-donustusturucu.html]
[youtube-mp3-music.com/pl2/list.html]
[youtube-mp3-music.com/pl2/dmca.html]
[youtube-mp3-music.com/pl2/mp3-youtube.html]
[youtube-mp3-music.com/pl2/youtube-mp4-downloader.html]
[youtube-mp3-music.com/pl2/youtube-mp3-doenuetueruecue-orjinal.html]
[youtube-mp3-music.com/nl2/youtube-mp3-doenuetueruecue-orjinal.html]
[youtube-mp3-music.com/pl2/youtube-mp3org.html]
[youtube-mp3-music.com/nl2/youtube-mp3org.html]
[youtube-mp3-music.com/nl2/youtube-mp4-donustusturucu.html]
[youtube-mp3-music.com/nl2/youtube-mp3-doenuetueruecue-tubidy.html]
[youtube-mp3-music.com/nl2/youtube-mp3-doenuetueruecue-indir.html]
[youtube-mp3-music.com/nl2/youtube-indir-mp3.html]
[youtube-mp3-music.com/nl2/youtube-video-doenuetueruecue-mp4.html]
[youtube-mp3-music.com/nl2/youtube-dan-mp3-indirme.html]
[youtube-mp3-music.com/nl2/youtube-download-mp3.html]
[youtube-mp3-music.com/nl2/youtube-mp3-doenuetuer.html]
[youtube-mp3-music.com/nl2/mp3-doenuetueruecue-youtube-indir.html]
[youtube-mp3-music.com/nl2/youtube-mp4-downloader.html]
[youtube-mp3-music.com/nl2/youtube-mp3-doenuetueruecue-1.html]
[youtube-mp3-music.com/nl2/list.html]
[youtube-mp3-music.com/nl2/dmca.html]
[youtube-mp3-music.com/nl2/youtube-mp3-video-indir.html]
[youtube-mp3-music.com/nl2/youtube-2-mp3.html]
[youtube-mp3-music.com/de2/youtube-video-indir-mp4.html]
[youtube-mp3-music.com/pt2/youtube-video-indir-mp4.html]
[youtube-mp3-music.com/es2/youtube-video-indir-mp4.html]
[youtube-mp3-music.com/it2/youtube-video-indir-mp4.html]
[youtube-mp3-music.com/pl2/youtube-video-indir-mp4.html]
[youtube-mp3-music.com/nl2/youtube-video-indir-mp4.html]
[youtube-mp3-music.com/tr2/youtube-mp3-ndr.html]
[youtube-mp3-music.com/tr2/youtube-indir-mp3.html]
[youtube-mp3-music.com/tr2/youtube-mp3-doenuetueruecue-orjinal.html]
[youtube-mp3-music.com/pt2/youtube-mp3-2.html]
[youtube-mp3-music.com/es2/youtube-mp3-2.html]
[youtube-mp3-music.com/jp2/youtube-mp3-2.html]
[youtube-mp3-music.com/pl2/youtube-mp3-2.html]
[youtube-mp3-music.com/nl2/youtube-mp3-2.html]
[youtube-mp3-music.com/tr2/youtube-mp3-indirme-eklentisi.html]
[youtube-mp3-music.com/tr2/youtube-mp3-video-doenuetueruecue.html]
[youtube-mp3-music.com/tr2/youtube-2-mp3.html]
[youtube-mp3-music.com/tr2/youtube-mp3-indirme-program.html]
[youtube-mp3-music.com/nl2/youtube-mp3-indir.html]
[youtube-mp3-music.com/de2/mp3-donusturucu.html]
[youtube-mp3-music.com/pt2/mp3-donusturucu.html]
[youtube-mp3-music.com/es2/mp3-donusturucu.html]
[youtube-mp3-music.com/jp2/mp3-donusturucu.html]
[youtube-mp3-music.com/pl2/mp3-donusturucu.html]
[youtube-mp3-music.com/nl2/mp3-donusturucu.html]
[youtube-mp3-music.com/tr2/youtube-to-mp3.html]
[youtube-mp3-music.com/de2/youtube-converter-mp4.html]
[youtube-mp3-music.com/es2/youtube-converter-mp4.html]
[youtube-mp3-music.com/it2/youtube-converter-mp4.html]
[youtube-mp3-music.com/jp2/youtube-converter-mp4.html]
[youtube-mp3-music.com/pl2/youtube-converter-mp4.html]
[youtube-mp3-music.com/nl2/youtube-converter-mp4.html]
[youtube-mp3-music.com/tr2/mp3-doenuetueruecue-youtube-indir.html]
[youtube-mp3-music.com/tr2/youtube-mp4-indirme.html]
[youtube-mp3-music.com/tr2/youtube-mp3-doenuetueruecuesue.html]
[youtube-mp3-music.com/de2/youtube-mp3-evir.html]
[youtube-mp3-music.com/pt2/youtube-mp3-evir.html]
[youtube-mp3-music.com/es2/youtube-mp3-evir.html]
[youtube-mp3-music.com/jp2/youtube-mp3-evir.html]
[youtube-mp3-music.com/pl2/youtube-mp3-evir.html]
[youtube-mp3-music.com/nl2/youtube-mp3-evir.html]
[youtube-mp3-music.com/tr2/youtube-mp3-muezik-indir.html]
[youtube-mp3-music.com/tr2/youtube-mp3-indir-program.html]
[youtube-mp3-music.com/tr2/mp4-doenuetueruecue-youtube.html]
[youtube-mp3-music.com/de2/mp3-doenuetueruecue-youtube-tubidy.html]
[youtube-mp3-music.com/pt2/mp3-doenuetueruecue-youtube-tubidy.html]
[youtube-mp3-music.com/es2/mp3-doenuetueruecue-youtube-tubidy.html]
[youtube-mp3-music.com/it2/mp3-doenuetueruecue-youtube-tubidy.html]
[youtube-mp3-music.com/jp2/mp3-doenuetueruecue-youtube-tubidy.html]
[youtube-mp3-music.com/nl2/mp3-doenuetueruecue-youtube-tubidy.html]
[youtube-mp3-music.com/tr2/youtube-mp3-indir.html]
[youtube-mp3-music.com/tr2/convertisseur-youtube-mp3.html]
[youtube-mp3-music.com/tr2/mp3-flvto.html]
[youtube-mp3-music.com/tr2/mp3-youtube.html]
[youtube-mp3-music.com/tr2/youtube-dan-mp3-indirme.html]
[youtube-mp3-music.com/tr2/youtube-download-mp3.html]
[youtube-mp3-music.com/tr2/youtube-mp3-cevirici.html]
[youtube-mp3-music.com/tr2/youtube-mp3-doenuetuer.html]
[youtube-mp3-music.com/tr2/youtube-mp3-doenuetueruecue-1.html]
[youtube-mp3-music.com/tr2/youtube-mp3-doenuetueruecue-indir.html]
[youtube-mp3-music.com/tr2/youtube-mp3-doenuetueruecue-tubidy.html]
[youtube-mp3-music.com/tr2/youtube-mp3-doenuetueruecue.html]
[youtube-mp3-music.com/tr2/youtube-mp3-indirme-program-2019.html]
[youtube-mp3-music.com/tr2/youtube-mp3-video-indir.html]
[youtube-mp3-music.com/tr2/youtube-mp3org.html]
[youtube-mp3-music.com/tr2/youtube-mp4-doenuetueruecue-tubidy.html]
[youtube-mp3-music.com/tr2/youtube-mp4-doenuetueruecuesue.html]
[youtube-mp3-music.com/tr2/youtube-mp4-donustusturucu.html]
[youtube-mp3-music.com/tr2/youtube-mp4-downloader.html]
[youtube-mp3-music.com/tr2/youtube-mp4-hd.html]
[youtube-mp3-music.com/tr2/youtube-mp4-indir.html]
[youtube-mp3-music.com/tr2/youtube-mp4.html]
[youtube-mp3-music.com/tr2/youtube-video-doenuetueruecue-mp4.html]
[youtube-mp3-music.com/es2/youtube-mp4-donusturucu.html]
[youtube-mp3-music.com/it2/youtube-mp4-donusturucu.html]
[youtube-mp3-music.com/jp2/youtube-mp4-donusturucu.html]
[youtube-mp3-music.com/pl2/youtube-mp4-donusturucu.html]
[youtube-mp3-music.com/nl2/youtube-mp4-donusturucu.html]
[youtube-mp3-music.com/de2/youtube-video-converter-mp3.html]
[youtube-mp3-music.com/pt2/youtube-video-converter-mp3.html]
[youtube-mp3-music.com/es2/youtube-video-converter-mp3.html]
[youtube-mp3-music.com/it2/youtube-video-converter-mp3.html]
[youtube-mp3-music.com/jp2/youtube-video-converter-mp3.html]
[youtube-mp3-music.com/pl2/youtube-video-converter-mp3.html]
[youtube-mp3-music.com/nl2/youtube-video-converter-mp3.html]
[youtube-mp3-music.com/de2/youtube-mp3-converter.html]
[youtube-mp3-music.com/pt2/youtube-mp3-converter.html]
[youtube-mp3-music.com/es2/youtube-mp3-converter.html]
[youtube-mp3-music.com/it2/youtube-mp3-converter.html]
[youtube-mp3-music.com/jp2/youtube-mp3-converter.html]
[youtube-mp3-music.com/pl2/youtube-mp3-converter.html]
[youtube-mp3-music.com/nl2/youtube-mp3-converter.html]
[youtube-mp3-music.com/fr2/youtube-mp3-ndr.html]
[youtube-mp3-music.com/fr2/youtube-indir-mp3.html]
[youtube-mp3-music.com/fr2/youtube-mp3-doenuetueruecue-orjinal.html]
[youtube-mp3-music.com/fr2/youtube-mp3-indirme-eklentisi.html]
[youtube-mp3-music.com/fr2/youtube-mp3-video-doenuetueruecue.html]
[youtube-mp3-music.com/fr2/youtube-2-mp3.html]
[youtube-mp3-music.com/fr2/youtube-mp3-indirme-program.html]
[youtube-mp3-music.com/fr2/youtube-to-mp3.html]
[youtube-mp3-music.com/fr2/mp3-doenuetueruecue-youtube-indir.html]
[youtube-mp3-music.com/fr2/youtube-mp4-indirme.html]
[youtube-mp3-music.com/fr2/youtube-mp3-doenuetueruecuesue.html]
[youtube-mp3-music.com/fr2/youtube-mp3-muezik-indir.html]
[youtube-mp3-music.com/fr2/youtube-mp3-indir-program.html]
[youtube-mp3-music.com/fr2/mp4-doenuetueruecue-youtube.html]
[youtube-mp3-music.com/fr2/youtube-mp3-indir.html]
[youtube-mp3-music.com/fr2/convertisseur-youtube-mp3.html]
[youtube-mp3-music.com/fr2/mp3-flvto.html]
[youtube-mp3-music.com/fr2/mp3-youtube.html]
[youtube-mp3-music.com/fr2/youtube-dan-mp3-indirme.html]
[youtube-mp3-music.com/fr2/youtube-download-mp3.html]
[youtube-mp3-music.com/fr2/youtube-mp3-cevirici.html]
[youtube-mp3-music.com/fr2/youtube-mp3-doenuetuer.html]
[youtube-mp3-music.com/fr2/youtube-mp3-doenuetueruecue-1.html]
[youtube-mp3-music.com/fr2/youtube-mp3-doenuetueruecue-indir.html]
[youtube-mp3-music.com/fr2/youtube-mp3-doenuetueruecue-tubidy.html]
[youtube-mp3-music.com/fr2/youtube-mp3-doenuetueruecue.html]
[youtube-mp3-music.com/fr2/youtube-mp3-indirme-program-2019.html]
[youtube-mp3-music.com/fr2/youtube-mp3-video-indir.html]
[youtube-mp3-music.com/fr2/youtube-mp3org.html]
[youtube-mp3-music.com/fr2/youtube-mp4-doenuetueruecue-tubidy.html]
[youtube-mp3-music.com/fr2/youtube-mp4-doenuetueruecuesue.html]
[youtube-mp3-music.com/fr2/youtube-mp4-donustusturucu.html]
[youtube-mp3-music.com/fr2/youtube-mp4-downloader.html]
[youtube-mp3-music.com/fr2/youtube-mp4-hd.html]
[youtube-mp3-music.com/fr2/youtube-mp4-indir.html]
[youtube-mp3-music.com/fr2/youtube-mp4.html]
[youtube-mp3-music.com/fr2/youtube-video-doenuetueruecue-mp4.html]
[youtube-mp3-music.com/pt2/youtube-mp4-indirme.html]
[youtube-mp3-music.com/es2/youtube-mp4-indirme.html]
[youtube-mp3-music.com/it2/youtube-mp4-indirme.html]
[youtube-mp3-music.com/jp2/youtube-mp4-indirme.html]
[youtube-mp3-music.com/pl2/youtube-mp4-indirme.html]
[youtube-mp3-music.com/nl2/youtube-mp4-indirme.html]
[youtube-mp3-music.com/de2/mp3-youtube.html]
[youtube-mp3-music.com/de2/youtube-mp3-indirme-eklentisi.html]
[youtube-mp3-music.com/de2/youtube-2-mp3.html]
[youtube-mp3-music.com/pt2/youtube-mp4-hd.html]
[youtube-mp3-music.com/es2/youtube-mp4-hd.html]
[youtube-mp3-music.com/it2/youtube-mp4-hd.html]
[youtube-mp3-music.com/jp2/youtube-mp4-hd.html]
[youtube-mp3-music.com/pl2/youtube-mp4-hd.html]
[youtube-mp3-music.com/nl2/youtube-mp4-hd.html]
[youtube-mp3-music.com/de2/youtube-mp3-doenuetueruecue.html]
[youtube-mp3-music.com/de2/youtube-mp3-doenuetueruecue-indir.html]
[youtube-mp3-music.com/pt2/youtube-mp3-indirme-program.html]
[youtube-mp3-music.com/pl2/youtube-mp3-indirme-program.html]
[youtube-mp3-music.com/nl2/youtube-mp3-indirme-program.html]
[youtube-mp3-music.com/de2/youtube-dan-mp3-indirme.html]
[youtube-mp3-music.com/de2/youtube-mp3-indir-program.html]
[youtube-mp3-music.com/pt2/youtube-mp3-cevirici.html]
[youtube-mp3-music.com/it2/youtube-mp3-cevirici.html]
[youtube-mp3-music.com/jp2/youtube-mp3-cevirici.html]
[youtube-mp3-music.com/pl2/youtube-mp3-cevirici.html]
[youtube-mp3-music.com/nl2/youtube-mp3-cevirici.html]
[youtube-mp3-music.com/de2/youtube-mp3-ndr.html]
[youtube-mp3-music.com/de2/youtube-mp3-indirme-program-2019.html]
[youtube-mp3-music.com/de2/youtube-mp3-doenuetueruecuesue.html]
[youtube-mp3-music.com/de2/convertisseur-youtube-mp3.html]
[youtube-mp3-music.com/de2/mp3-doenuetueruecue-youtube-indir.html]
[youtube-mp3-music.com/de2/mp3-flvto.html]
[youtube-mp3-music.com/de2/mp4-doenuetueruecue-youtube.html]
[youtube-mp3-music.com/de2/youtube-download-mp3.html]
[youtube-mp3-music.com/de2/youtube-indir-mp3.html]
[youtube-mp3-music.com/de2/youtube-mp3-doenuetuer.html]
[youtube-mp3-music.com/de2/youtube-mp3-doenuetueruecue-1.html]
[youtube-mp3-music.com/de2/youtube-mp3-doenuetueruecue-orjinal.html]
[youtube-mp3-music.com/de2/youtube-mp3-doenuetueruecue-tubidy.html]
[youtube-mp3-music.com/de2/youtube-mp3-indir.html]
[youtube-mp3-music.com/de2/youtube-mp3-video-doenuetueruecue.html]
[youtube-mp3-music.com/de2/youtube-mp3-video-indir.html]
[youtube-mp3-music.com/de2/youtube-mp3org.html]
[youtube-mp3-music.com/de2/youtube-mp4-doenuetueruecue-tubidy.html]
[youtube-mp3-music.com/de2/youtube-mp4-doenuetueruecuesue.html]
[youtube-mp3-music.com/de2/youtube-mp4-donustusturucu.html]
[youtube-mp3-music.com/de2/youtube-mp4-downloader.html]
[youtube-mp3-music.com/de2/youtube-mp4.html]
[youtube-mp3-music.com/de2/youtube-video-doenuetueruecue-mp4.html]
[youtube-mp3-music.com/pt2/youtube-mp3-muezik-indir.html]
[youtube-mp3-music.com/es2/youtube-mp3-muezik-indir.html]
[youtube-mp3-music.com/it2/youtube-mp3-muezik-indir.html]
[youtube-mp3-music.com/jp2/youtube-mp3-muezik-indir.html]
[youtube-mp3-music.com/pl2/youtube-mp3-muezik-indir.html]
[youtube-mp3-music.com/nl2/youtube-mp3-muezik-indir.html]
[youtube-mp3-music.com/pt2/youtube-mp4-indir.html]
[youtube-mp3-music.com/es2/youtube-mp4-indir.html]
[youtube-mp3-music.com/it2/youtube-mp4-indir.html]
[youtube-mp3-music.com/jp2/youtube-mp4-indir.html]
[youtube-mp3-music.com/pl2/youtube-mp4-indir.html]
[youtube-mp3-music.com/nl2/youtube-mp4-indir.html]
[youtube-mp3-music.com/pt2/youtube-to-mp3.html]
[youtube-mp3-music.com/es2/youtube-to-mp3.html]
[youtube-mp3-music.com/it2/youtube-to-mp3.html]
[youtube-mp3-music.com/jp2/youtube-to-mp3.html]
[youtube-mp3-music.com/nl2/youtube-to-mp3.html]
[youtube-mp3-music.com/es2/youtube-mp4.html]
[youtube-mp3-music.com/it2/youtube-mp4.html]
[youtube-mp3-music.com/jp2/youtube-mp4.html]
[youtube-mp3-music.com/pl2/youtube-mp4.html]
[youtube-mp3-music.com/nl2/youtube-mp4.html]
[youtube-mp3-music.com/pt2/youtube-mp3-doenuetuer.html]
[youtube-mp3-music.com/pt2/mp4-doenuetueruecue-youtube.html]
[youtube-mp3-music.com/pt2/youtube-mp3-ndr.html]
[youtube-mp3-music.com/es2/youtube-mp4-doenuetueruecuesue.html]
[youtube-mp3-music.com/it2/youtube-mp4-doenuetueruecuesue.html]
[youtube-mp3-music.com/pl2/youtube-mp4-doenuetueruecuesue.html]
[youtube-mp3-music.com/nl2/youtube-mp4-doenuetueruecuesue.html]
[youtube-mp3-music.com/pt2/youtube-mp3-indirme-program-2019.html]
[youtube-mp3-music.com/jp2/youtube-mp3-indirme-eklentisi.html]
[youtube-mp3-music.com/pl2/youtube-mp3-indirme-eklentisi.html]
[youtube-mp3-music.com/nl2/youtube-mp3-indirme-eklentisi.html]
[youtube-mp3-music.com/pt2/youtube-mp3-doenuetueruecue-indir.html]
[youtube-mp3-music.com/es2/mp3-youtube.html]
[youtube-mp3-music.com/it2/mp3-youtube.html]
[youtube-mp3-music.com/nl2/mp3-youtube.html]
[youtube-mp3-music.com/pt2/youtube-mp4-donustusturucu.html]
[youtube-mp3-music.com/pt2/convertisseur-youtube-mp3.html]
[youtube-mp3-music.com/pt2/mp3-doenuetueruecue-youtube-indir.html]
[youtube-mp3-music.com/pt2/mp3-flvto.html]
[youtube-mp3-music.com/pt2/youtube-2-mp3.html]
[youtube-mp3-music.com/pt2/youtube-dan-mp3-indirme.html]
[youtube-mp3-music.com/pt2/youtube-download-mp3.html]
[youtube-mp3-music.com/pt2/youtube-indir-mp3.html]
[youtube-mp3-music.com/pt2/youtube-mp3-doenuetueruecue-1.html]
[youtube-mp3-music.com/pt2/youtube-mp3-doenuetueruecue-orjinal.html]
[youtube-mp3-music.com/pt2/youtube-mp3-doenuetueruecue.html]
[youtube-mp3-music.com/pt2/youtube-mp3-doenuetueruecuesue.html]
[youtube-mp3-music.com/pt2/youtube-mp3-indir-program.html]
[youtube-mp3-music.com/pt2/youtube-mp3-indir.html]
[youtube-mp3-music.com/pt2/youtube-mp3-video-doenuetueruecue.html]
[youtube-mp3-music.com/pt2/youtube-mp3-video-indir.html]
[youtube-mp3-music.com/pt2/youtube-mp3org.html]
[youtube-mp3-music.com/pt2/youtube-mp4-doenuetueruecue-tubidy.html]
[youtube-mp3-music.com/pt2/youtube-mp4-downloader.html]
[youtube-mp3-music.com/pt2/youtube-video-doenuetueruecue-mp4.html]
[youtube-mp3-music.com/es2/youtube-mp3-doenuetueruecue-tubidy.html]
[youtube-mp3-music.com/it2/youtube-mp3-doenuetueruecue-tubidy.html]
[youtube-mp3-music.com/cdn-cgi/l/email-protection.html]
[youtube-mp3-music.com/jp2/youtube-mp3-doenuetueruecue-tubidy.html]
[youtube-mp3-music.com/it2/youtube-mp3-video-doenuetueruecue.html]
[youtube-mp3-music.com/jp2/youtube-mp3-video-doenuetueruecue.html]
[youtube-mp3-music.com/nl2/youtube-mp3-video-doenuetueruecue.html]
[youtube-mp3-music.com/es2/youtube-dan-mp3-indirme.html]
[youtube-mp3-music.com/it2/youtube-mp3-indir-program.html]
[youtube-mp3-music.com/pl2/youtube-mp3-indir-program.html]
[youtube-mp3-music.com/nl2/youtube-mp3-indir-program.html]
[youtube-mp3-music.com/es2/youtube-mp3-doenuetueruecue-1.html]
[youtube-mp3-music.com/it2/youtube-mp3-doenuetueruecue.html]
[youtube-mp3-music.com/jp2/youtube-mp3-doenuetueruecue.html]
[youtube-mp3-music.com/pl2/youtube-mp3-doenuetueruecue.html]
[youtube-mp3-music.com/nl2/youtube-mp3-doenuetueruecue.html]
[youtube-mp3-music.com/es2/youtube-mp3-indir.html]
[youtube-mp3-music.com/cdn-cgi/scripts/5c5dd728/cloudflare-static/email-decode.min.js]
[youtube-mp3-music.com/es2/youtube-mp3-doenuetueruecue-orjinal.html]
[youtube-mp3-music.com/es2/youtube-video-doenuetueruecue-mp4.html]
[youtube-mp3-music.com/it2/youtube-indir-mp3.html]
[youtube-mp3-music.com/jp2/youtube-indir-mp3.html]
[youtube-mp3-music.com/pl2/youtube-indir-mp3.html]
[youtube-mp3-music.com/es2/youtube-mp3org.html]
[youtube-mp3-music.com/es2/convertisseur-youtube-mp3.html]
[youtube-mp3-music.com/es2/mp3-doenuetueruecue-youtube-indir.html]
[youtube-mp3-music.com/es2/mp3-flvto.html]
[youtube-mp3-music.com/es2/mp4-doenuetueruecue-youtube.html]
[youtube-mp3-music.com/es2/youtube-2-mp3.html]
[youtube-mp3-music.com/es2/youtube-download-mp3.html]
[youtube-mp3-music.com/es2/youtube-mp3-doenuetuer.html]
[youtube-mp3-music.com/es2/youtube-mp3-doenuetueruecue-indir.html]
[youtube-mp3-music.com/es2/youtube-mp3-doenuetueruecuesue.html]
[youtube-mp3-music.com/es2/youtube-mp3-indirme-program-2019.html]
[youtube-mp3-music.com/es2/youtube-mp3-ndr.html]
[youtube-mp3-music.com/es2/youtube-mp3-video-indir.html]
[youtube-mp3-music.com/es2/youtube-mp4-doenuetueruecue-tubidy.html]
[youtube-mp3-music.com/es2/youtube-mp4-donustusturucu.html]
[youtube-mp3-music.com/es2/youtube-mp4-downloader.html]
[youtube-mp3-music.com/jp2/youtube-mp3-ndr.html]
[youtube-mp3-music.com/pl2/youtube-mp3-ndr.html]
[youtube-mp3-music.com/nl2/youtube-mp3-ndr.html]
[youtube-mp3-music.com/it2/mp3-doenuetueruecue-youtube-indir.html]
[youtube-mp3-music.com/it2/youtube-mp3-doenuetuer.html]
[youtube-mp3-music.com/it2/mp3-flvto.html]
[youtube-mp3-music.com/it2/youtube-dan-mp3-indirme.html]
[youtube-mp3-music.com/it2/youtube-mp3-doenuetueruecue-1.html]
[youtube-mp3-music.com/it2/youtube-2-mp3.html]
[youtube-mp3-music.com/it2/youtube-mp3-indir.html]
[youtube-mp3-music.com/it2/convertisseur-youtube-mp3.html]
[youtube-mp3-music.com/it2/youtube-download-mp3.html]
[youtube-mp3-music.com/it2/youtube-mp3-doenuetueruecue-indir.html]
[youtube-mp3-music.com/it2/youtube-mp3-doenuetueruecue-orjinal.html]
[youtube-mp3-music.com/it2/youtube-mp3-doenuetueruecuesue.html]
[youtube-mp3-music.com/it2/youtube-mp3-indirme-program-2019.html]
[youtube-mp3-music.com/it2/youtube-mp3-video-indir.html]
[youtube-mp3-music.com/it2/youtube-mp3org.html]
[youtube-mp3-music.com/it2/youtube-mp4-donustusturucu.html]
[youtube-mp3-music.com/it2/youtube-mp4-downloader.html]
[youtube-mp3-music.com/it2/youtube-video-doenuetueruecue-mp4.html]
[youtube-mp3-music.com/jp2/mp4-doenuetueruecue-youtube.html]
[youtube-mp3-music.com/nl2/mp4-doenuetueruecue-youtube.html]
[youtube-mp3-music.com/jp2/youtube-mp4-doenuetueruecue-tubidy.html]
[youtube-mp3-music.com/pl2/youtube-mp4-doenuetueruecue-tubidy.html]
[youtube-mp3-music.com/nl2/youtube-mp4-doenuetueruecue-tubidy.html]
[youtube-mp3-music.com/jp2/youtube-mp3-doenuetuer.html]
[youtube-mp3-music.com/jp2/youtube-2-mp3.html]
[youtube-mp3-music.com/pl2/youtube-mp3-doenuetueruecuesue.html]
[youtube-mp3-music.com/nl2/youtube-mp3-doenuetueruecuesue.html]
[youtube-mp3-music.com/jp2/youtube-mp3org.html]
[youtube-mp3-music.com/jp2/youtube-download-mp3.html]
[youtube-mp3-music.com/pl2/mp3-flvto.html]
[youtube-mp3-music.com/nl2/mp3-flvto.html]
[youtube-mp3-music.com/jp2/youtube-mp3-indir.html]
[youtube-mp3-music.com/jp2/youtube-mp3-doenuetueruecue-indir.html]
[youtube-mp3-music.com/jp2/convertisseur-youtube-mp3.html]
[youtube-mp3-music.com/jp2/mp3-doenuetueruecue-youtube-indir.html]
[youtube-mp3-music.com/jp2/youtube-dan-mp3-indirme.html]
[youtube-mp3-music.com/jp2/youtube-mp3-doenuetueruecue-1.html]
[youtube-mp3-music.com/jp2/youtube-mp3-doenuetueruecue-orjinal.html]
[youtube-mp3-music.com/jp2/youtube-mp3-video-indir.html]
[youtube-mp3-music.com/jp2/youtube-mp4-donustusturucu.html]
[youtube-mp3-music.com/jp2/youtube-mp4-downloader.html]
[youtube-mp3-music.com/jp2/youtube-video-doenuetueruecue-mp4.html]
[youtube-mp3-music.com/pl2/youtube-mp3-indirme-program-2019.html]
[youtube-mp3-music.com/nl2/youtube-mp3-indirme-program-2019.html]
[youtube-mp3-music.com/pl2/youtube-mp3-video-indir.html]
[youtube-mp3-music.com/pl2/youtube-mp3-indir.html]
[youtube-mp3-music.com/pl2/youtube-video-doenuetueruecue-mp4.html]
[youtube-mp3-music.com/nl2/convertisseur-youtube-mp3.html]
[youtube-mp3-music.com/pl2/mp3-doenuetueruecue-youtube-indir.html]
[youtube-mp3-music.com/pl2/youtube-2-mp3.html]
[youtube-mp3-music.com/pl2/youtube-dan-mp3-indirme.html]
[youtube-mp3-music.com/pl2/youtube-download-mp3.html]
[youtube-mp3-music.com/pl2/youtube-mp3-doenuetuer.html]
[youtube-mp3-music.com/pl2/youtube-mp3-doenuetueruecue-1.html]
[youtube-mp3-music.com/pl2/youtube-mp3-doenuetueruecue-indir.html]
[youtube-mp3-music.com/pl2/youtube-mp4-donustusturucu.html]
[youtube-mp3-music.com/pl2/youtube-mp4-downloader.html]
[youtube-mp3-music.com/nl2/youtube-mp3-doenuetueruecue-orjinal.html]
[youtube-mp3-music.com/nl2/youtube-mp3org.html]
[youtube-mp3-music.com/nl2/youtube-video-doenuetueruecue-mp4.html]
[youtube-mp3-music.com/nl2/youtube-dan-mp3-indirme.html]
[youtube-mp3-music.com/nl2/youtube-mp3-doenuetuer.html]
[youtube-mp3-music.com/nl2/youtube-mp4-downloader.html]
[youtube-mp3-music.com/nl2/youtube-mp3-doenuetueruecue-1.html]
[youtube-mp3-music.com/nl2/youtube-mp3-indir.html]
[youtube-mp3-music.com/cdn-cgi/l/email-protection.html]
